Enter a username to login to the Auction System: 
Welcome to the Auction System, User01

	    Main Menu  
	-----------------
	-    Create     -
	-    Delete     -
	-   Advertise   -
	-      Bid      -
	-    Refund     -
	-   Add Credit  -
	- Display Items -
	-    Logout     -

Enter a command: 
Enter Item Name: 
Enter Minimum Bid: 
Enter Duration of Auction (Days): 
Success - advertised item.

	    Main Menu  
	-----------------
	-    Create     -
	-    Delete     -
	-   Advertise   -
	-      Bid      -
	-    Refund     -
	-   Add Credit  -
	- Display Items -
	-    Logout     -

Enter a command: 
Command not recognized or invalid permissions, please try again.

	    Main Menu  
	-----------------
	-    Create     -
	-    Delete     -
	-   Advertise   -
	-      Bid      -
	-    Refund     -
	-   Add Credit  -
	- Display Items -
	-    Logout     -

Enter a command: 
Exited Session.
