Enter a username to login to the Auction System: 
Welcome to the Auction System, User03

	    Main Menu  
	-----------------
	-      Bid      -
	-   Add Credit  -
	- Display Items -
	-    Logout     -

Enter a command: 
Exited Session.
