Enter a username to login to the Auction System: 
Welcome to the Auction System, User04

	    Main Menu  
	-----------------
	-   Advertise   -
	-   Add Credit  -
	- Display Items -
	-    Logout     -

Enter a command: 
Exited Session.
